
> mann-vaasanai@1.0.0 build
> vite build

[36mvite v5.4.21 [32mbuilding for production...[36m[39m
transforming...
[33m[vite:css] @import must precede all other statements (besides @charset or empty @layer)
3  |  @tailwind utilities;
4  |  
5  |  @import url('https://fonts.googleapis.com/css2?family=Playfair+Display:ital,wght@0,400..900;1,400..900&family=Plus+Jakarta+Sans:wght@300;400;500;600;700&display=swap');
   |  ^^^^^^^^^^^^^^^^^^^^^^^^^^^^^^^^^^^^^^^^^^^^^^^^^^^^^^^^^^^^^^^^^^^^^^^^^^^^^^^^^^^^^^^^^^^^^^^^^^^^^^^^^^^^^^^^^^^^^^^^^^^^^^^^^^^^^^^^^^^^^^^^^^^^^^^^^^^^^^^^^^^^^^^^
6  |  
7  |  body {[39m
[32m✓[39m 1941 modules transformed.
rendering chunks...
computing gzip size...
[2mdist/[22m[32mindex.html                 [39m[1m[2m  1.30 kB[22m[1m[22m[2m │ gzip:  0.58 kB[22m
[2mdist/[22m[35massets/index-DfCVbGg8.css  [39m[1m[2m 25.75 kB[22m[1m[22m[2m │ gzip:  5.04 kB[22m
[2mdist/[22m[36massets/index-CnZ-WaSd.js   [39m[1m[2m 64.06 kB[22m[1m[22m[2m │ gzip: 14.39 kB[22m
[2mdist/[22m[36massets/motion-DKcK03Jx.js  [39m[1m[2m115.26 kB[22m[1m[22m[2m │ gzip: 38.24 kB[22m
[2mdist/[22m[36massets/react-DvWfe4hu.js   [39m[1m[2m161.68 kB[22m[1m[22m[2m │ gzip: 52.78 kB[22m
[32m✓ built in 20.01s[39m
