
> mann-vaasanai@1.0.0 lint
> eslint .


D:\Users\User\Desktop\mann-vaasanai\src\App.jsx
   1:8   error  'React' is defined but never used         no-unused-vars
   2:27  error  'Router' is defined but never used        no-unused-vars
   2:35  error  'Routes' is defined but never used        no-unused-vars
   2:43  error  'Route' is defined but never used         no-unused-vars
   3:10  error  'CartProvider' is defined but never used  no-unused-vars
   4:10  error  'Navbar' is defined but never used        no-unused-vars
   5:10  error  'Footer' is defined but never used        no-unused-vars
   6:10  error  'CartDrawer' is defined but never used    no-unused-vars
   7:10  error  'Home' is defined but never used          no-unused-vars
   8:10  error  'Menu' is defined but never used          no-unused-vars
   9:10  error  'Reservation' is defined but never used   no-unused-vars
  10:10  error  'Locations' is defined but never used     no-unused-vars
  11:10  error  'Gallery' is defined but never used       no-unused-vars
  12:10  error  'About' is defined but never used         no-unused-vars

D:\Users\User\Desktop\mann-vaasanai\src\components\CartDrawer.jsx
  1:8   error  'React' is defined but never used            no-unused-vars
  2:10  error  'motion' is defined but never used           no-unused-vars
  2:18  error  'AnimatePresence' is defined but never used  no-unused-vars
  3:10  error  'X' is defined but never used                no-unused-vars
  3:13  error  'Trash2' is defined but never used           no-unused-vars
  3:21  error  'Plus' is defined but never used             no-unused-vars
  3:27  error  'Minus' is defined but never used            no-unused-vars
  3:34  error  'ShoppingBag' is defined but never used      no-unused-vars
  3:47  error  'ArrowRight' is defined but never used       no-unused-vars

D:\Users\User\Desktop\mann-vaasanai\src\components\Footer.jsx
  1:8   error  'React' is defined but never used          no-unused-vars
  2:10  error  'Utensils' is defined but never used       no-unused-vars
  2:20  error  'Instagram' is defined but never used      no-unused-vars
  2:31  error  'Facebook' is defined but never used       no-unused-vars
  2:41  error  'MessageCircle' is defined but never used  no-unused-vars
  2:56  error  'MapPin' is defined but never used         no-unused-vars
  3:10  error  'Link' is defined but never used           no-unused-vars

D:\Users\User\Desktop\mann-vaasanai\src\components\Lightbox.jsx
  1:8   error  'React' is defined but never used            no-unused-vars
  2:10  error  'motion' is defined but never used           no-unused-vars
  2:18  error  'AnimatePresence' is defined but never used  no-unused-vars
  3:10  error  'X' is defined but never used                no-unused-vars

D:\Users\User\Desktop\mann-vaasanai\src\components\Navbar.jsx
  1:8   error  'React' is defined but never used            no-unused-vars
  2:10  error  'Link' is defined but never used             no-unused-vars
  3:10  error  'Utensils' is defined but never used         no-unused-vars
  3:20  error  'ShoppingBag' is defined but never used      no-unused-vars
  3:41  error  'MenuIcon' is defined but never used         no-unused-vars
  3:51  error  'X' is defined but never used                no-unused-vars
  3:54  error  'Calendar' is defined but never used         no-unused-vars
  5:10  error  'motion' is defined but never used           no-unused-vars
  5:18  error  'AnimatePresence' is defined but never used  no-unused-vars

D:\Users\User\Desktop\mann-vaasanai\src\context\CartContext.jsx
   1:8   error    'React' is defined but never used                                                                                               no-unused-vars
  50:14  warning  Fast refresh only works when a file only exports components. Use a new file to share constants or functions between components  react-refresh/only-export-components

D:\Users\User\Desktop\mann-vaasanai\src\main.jsx
  1:8  error  'React' is defined but never used  no-unused-vars
  3:8  error  'App' is defined but never used    no-unused-vars

D:\Users\User\Desktop\mann-vaasanai\src\pages\About.jsx
  1:8   error  'React' is defined but never used     no-unused-vars
  2:10  error  'Utensils' is defined but never used  no-unused-vars
  2:20  error  'Award' is defined but never used     no-unused-vars
  2:27  error  'Heart' is defined but never used     no-unused-vars
  2:34  error  'Sparkles' is defined but never used  no-unused-vars

D:\Users\User\Desktop\mann-vaasanai\src\pages\Gallery.jsx
  1:8   error  'React' is defined but never used     no-unused-vars
  2:10  error  'motion' is defined but never used    no-unused-vars
  3:10  error  'Lightbox' is defined but never used  no-unused-vars

D:\Users\User\Desktop\mann-vaasanai\src\pages\Home.jsx
  1:8   error  'React' is defined but never used       no-unused-vars
  2:10  error  'motion' is defined but never used      no-unused-vars
  3:10  error  'Link' is defined but never used        no-unused-vars
  4:10  error  'ArrowRight' is defined but never used  no-unused-vars
  4:22  error  'Utensils' is defined but never used    no-unused-vars
  4:32  error  'Star' is defined but never used        no-unused-vars
  4:38  error  'Award' is defined but never used       no-unused-vars
  4:45  error  'Clock' is defined but never used       no-unused-vars
  4:52  error  'Heart' is defined but never used       no-unused-vars
  4:59  error  'ChefHat' is defined but never used     no-unused-vars
  4:68  error  'Sparkles' is defined but never used    no-unused-vars

D:\Users\User\Desktop\mann-vaasanai\src\pages\Locations.jsx
  1:8   error  'React' is defined but never used       no-unused-vars
  2:10  error  'MapPin' is defined but never used      no-unused-vars
  2:18  error  'Phone' is defined but never used       no-unused-vars
  2:25  error  'Clock' is defined but never used       no-unused-vars
  2:32  error  'Mail' is defined but never used        no-unused-vars
  2:38  error  'Navigation' is defined but never used  no-unused-vars

D:\Users\User\Desktop\mann-vaasanai\src\pages\Menu.jsx
  1:8   error  'React' is defined but never used   no-unused-vars
  2:10  error  'motion' is defined but never used  no-unused-vars
  3:10  error  'Search' is defined but never used  no-unused-vars
  3:18  error  'Plus' is defined but never used    no-unused-vars
  3:24  error  'Check' is defined but never used   no-unused-vars

D:\Users\User\Desktop\mann-vaasanai\src\pages\Reservation.jsx
  1:8   error  'React' is defined but never used         no-unused-vars
  2:10  error  'motion' is defined but never used        no-unused-vars
  3:22  error  'CalendarIcon' is defined but never used  no-unused-vars
  3:36  error  'Clock' is defined but never used         no-unused-vars
  3:43  error  'Users' is defined but never used         no-unused-vars
  3:50  error  'MapPin' is defined but never used        no-unused-vars
  3:58  error  'CheckCircle' is defined but never used   no-unused-vars
  3:71  error  'Sparkles' is defined but never used      no-unused-vars
  4:10  error  'Link' is defined but never used          no-unused-vars

✖ 86 problems (85 errors, 1 warning)

